// Jest Snapshot v1, https://goo.gl/fbAQLP

exports[`Home component should render correctly in "debug" mode 1`] = `
<div
  className="home__page--wrapper"
>
  <div
    className="home__page--banner"
  >
    <h2
      className="home__page--title"
    >
      One way to 
      <span
        className="home__page--colored"
      >
        win
      </span>
    </h2>
    <img
      alt="cover"
      className="home__page--player"
      src="curry.png"
    />
  </div>
  <Link
    className="home__page--button"
    to="/duel"
  >
    Play Now!
  </Link>
</div>
`;
